// Jest Snapshot v1, https://goo.gl/fbAQLP

exports[`EditProject should match snapshot 1`] = `
<form
  className="project-card edit-project-card"
  onSubmit={[Function]}
>
  <input
    className="project-name"
    onChange={[Function]}
    value="name"
  />
  <ConnectFunction
    key="1"
    palette={
      Object {
        "id": 1,
        "project_id": 1,
      }
    }
  />
  <div
    className="delete-btn-container"
  >
    <button
      className="update-project"
      type="submit"
    >
      Save
    </button>
    <button
      className="update-project delete"
      onClick={[Function]}
    >
      Delete Project
    </button>
  </div>
</form>
`;
