// Jest Snapshot v1, https://goo.gl/fbAQLP

exports[`App should match snapshot 1`] = `
<div
  className="App"
>
  <header
    className="header"
  >
    <Link
      style={
        Object {
          "textDecoration": "none",
        }
      }
      to="/"
    >
      <h1
        className="logo"
      >
        Palette Picker
      </h1>
    </Link>
    <NavLink
      exact={true}
      style={
        Object {
          "textDecoration": "none",
        }
      }
      to="/my-projects"
    >
      <h3
        className="links"
      >
        My Projects
      </h3>
    </NavLink>
  </header>
  <div>
    <Switch>
      <Route
        exact={true}
        path="/"
        render={[Function]}
      />
      <Route
        exact={true}
        path="/my-projects"
        render={[Function]}
      />
      <Route
        exact={true}
        path="/my-projects/:id"
        render={[Function]}
      />
      <Route
        component={[Function]}
      />
    </Switch>
  </div>
</div>
`;
