// Jest Snapshot v1, https://goo.gl/fbAQLP

exports[`PaletteForm should match snapshot 1`] = `
<Bootstrap(Modal)
  className="modal"
  onHide={[Function]}
>
  <form
    onSubmit={[Function]}
  >
    <input
      className="name-input"
      name="paletteName"
      onChange={[Function]}
      placeholder="Name this palette"
      value=""
    />
    <DropdownButton
      id="dropdown-custom-1"
      title="Add To Project"
    >
      <DropdownItem
        as={[Function]}
        className="dropdown-item"
        disabled={false}
        onClick={[Function]}
      >
        Add new project
      </DropdownItem>
      <div
        className="dropdown-divider"
      />
      <DropdownItem
        as={[Function]}
        disabled={false}
        key="1"
        onClick={[Function]}
      >
        PROJECT
      </DropdownItem>
      <DropdownItem
        as={[Function]}
        disabled={false}
        key="2"
        onClick={[Function]}
      >
        project
      </DropdownItem>
    </DropdownButton>
    <button
      className="pal-form-control"
      type="submit"
    >
      Save palette & project
    </button>
  </form>
</Bootstrap(Modal)>
`;
