// Jest Snapshot v1, https://goo.gl/fbAQLP

exports[`PaletteForm should match snapshot 1`] = `
<Bootstrap(Modal)
  className="modal palette-form"
  onHide={[Function]}
>
  <form
    className="form"
    onSubmit={[Function]}
  >
    <input
      className="name-input"
      name="paletteName"
      onChange={[Function]}
      placeholder="Name this palette"
      value=""
    />
    <button
      className="pal-form-control disable"
      disabled={true}
      type="submit"
    >
      Save
    </button>
  </form>
</Bootstrap(Modal)>
`;
