// Jest Snapshot v1, https://goo.gl/fbAQLP

exports[`Palette should match snapshot 1`] = `
<div>
  <div
    className="palette"
  >
    <Color
      color="#45C6A4"
      key="0"
      lockColor={[Function]}
      savePalette={[Function]}
    />
    <Color
      color="#96001E"
      key="1"
      lockColor={[Function]}
      savePalette={[Function]}
    />
    <Color
      color="#34E68E"
      key="2"
      lockColor={[Function]}
      savePalette={[Function]}
    />
    <Color
      color="#4CAF77"
      key="3"
      lockColor={[Function]}
      savePalette={[Function]}
    />
    <Color
      color="#B6DDFB"
      key="4"
      lockColor={[Function]}
      savePalette={[Function]}
    />
  </div>
  <button
    className="save controls"
    onClick={[Function]}
  >
    Save Palette
  </button>
  <button
    className="controls"
    onClick={[Function]}
  >
    New Palette
  </button>
</div>
`;
