// Jest Snapshot v1, https://goo.gl/fbAQLP

exports[`Palette should match snapshot 1`] = `
<div>
  <div
    className="palette"
  >
    <Color
      color="#CA6C12"
      key="0"
      lockColor={[Function]}
    />
    <Color
      color="#AEC13C"
      key="1"
      lockColor={[Function]}
    />
    <Color
      color="#7DFB53"
      key="2"
      lockColor={[Function]}
    />
    <Color
      color="#9B088B"
      key="3"
      lockColor={[Function]}
    />
    <Color
      color="#C58BC5"
      key="4"
      lockColor={[Function]}
    />
  </div>
  <button
    className="save controls"
    onClick={[Function]}
  >
    Save Palette
  </button>
  <button
    className="controls"
    onClick={[Function]}
  >
    New Palette
  </button>
</div>
`;
