// Jest Snapshot v1, https://goo.gl/fbAQLP

exports[`Palette should match snapshot 1`] = `
<div>
  <div
    className="palette"
  >
    <Color
      color="#F543D5"
      key="0"
      lockColor={[Function]}
    />
    <Color
      color="#1F6BF0"
      key="1"
      lockColor={[Function]}
    />
    <Color
      color="#A5FE08"
      key="2"
      lockColor={[Function]}
    />
    <Color
      color="#292A1D"
      key="3"
      lockColor={[Function]}
    />
    <Color
      color="#FDE4C9"
      key="4"
      lockColor={[Function]}
    />
  </div>
  <button
    className="save controls"
    onClick={[Function]}
  >
    Save Palette
  </button>
  <button
    className="controls"
    onClick={[Function]}
  >
    New Palette
  </button>
</div>
`;
